=== timestamp ===
2026-08-20T12:25:54+00:00
=== filesystem ===
Filesystem      Size  Used Avail Use% Mounted on
gpfs_hdd        4.8T  4.7T  108G  98% /inspire/hdd/global_user/zhengpeng-240108120124
=== project top-level usage ===
1.0K	/inspire/hdd/global_user/zhengpeng-240108120124/HunyuanVideo-1.5-zp/.sii
129K	/inspire/hdd/global_user/zhengpeng-240108120124/HunyuanVideo-1.5-zp/ComfyUI
130K	/inspire/hdd/global_user/zhengpeng-240108120124/HunyuanVideo-1.5-zp/.github
134K	/inspire/hdd/global_user/zhengpeng-240108120124/HunyuanVideo-1.5-zp/assets
1.5M	/inspire/hdd/global_user/zhengpeng-240108120124/HunyuanVideo-1.5-zp/.git
1.5M	/inspire/hdd/global_user/zhengpeng-240108120124/HunyuanVideo-1.5-zp/automation
2.8M	/inspire/hdd/global_user/zhengpeng-240108120124/HunyuanVideo-1.5-zp/hyvideo
6.8M	/inspire/hdd/global_user/zhengpeng-240108120124/HunyuanVideo-1.5-zp
=== largest files under project (top 50) ===
6.8M	/inspire/hdd/global_user/zhengpeng-240108120124/HunyuanVideo-1.5-zp
2.8M	/inspire/hdd/global_user/zhengpeng-240108120124/HunyuanVideo-1.5-zp/hyvideo
1.6M	/inspire/hdd/global_user/zhengpeng-240108120124/HunyuanVideo-1.5-zp/hyvideo/models
1.5M	/inspire/hdd/global_user/zhengpeng-240108120124/HunyuanVideo-1.5-zp/automation
1.5M	/inspire/hdd/global_user/zhengpeng-240108120124/HunyuanVideo-1.5-zp/.git
1.1M	/inspire/hdd/global_user/zhengpeng-240108120124/HunyuanVideo-1.5-zp/hyvideo/models/transformers
972K	/inspire/hdd/global_user/zhengpeng-240108120124/HunyuanVideo-1.5-zp/.git/objects
916K	/inspire/hdd/global_user/zhengpeng-240108120124/HunyuanVideo-1.5-zp/automation/tasks
898K	/inspire/hdd/global_user/zhengpeng-240108120124/HunyuanVideo-1.5-zp/hyvideo/models/transformers/modules
652K	/inspire/hdd/global_user/zhengpeng-240108120124/HunyuanVideo-1.5-zp/automation/tasks/done
516K	/inspire/hdd/global_user/zhengpeng-240108120124/HunyuanVideo-1.5-zp/hyvideo/utils
513K	/inspire/hdd/global_user/zhengpeng-240108120124/HunyuanVideo-1.5-zp/.git/objects/pack
385K	/inspire/hdd/global_user/zhengpeng-240108120124/HunyuanVideo-1.5-zp/hyvideo/utils/rewrite
385K	/inspire/hdd/global_user/zhengpeng-240108120124/HunyuanVideo-1.5-zp/hyvideo/pipelines
384K	/inspire/hdd/global_user/zhengpeng-240108120124/HunyuanVideo-1.5-zp/.git/objects/pack/pack-61385fb18cd996b0f7d14c40acef0ff46d10d3de.pack
263K	/inspire/hdd/global_user/zhengpeng-240108120124/HunyuanVideo-1.5-zp/.git/hooks
259K	/inspire/hdd/global_user/zhengpeng-240108120124/HunyuanVideo-1.5-zp/.git/logs
258K	/inspire/hdd/global_user/zhengpeng-240108120124/HunyuanVideo-1.5-zp/hyvideo/models/text_encoders
134K	/inspire/hdd/global_user/zhengpeng-240108120124/HunyuanVideo-1.5-zp/assets
132K	/inspire/hdd/global_user/zhengpeng-240108120124/HunyuanVideo-1.5-zp/automation/tasks/running
131K	/inspire/hdd/global_user/zhengpeng-240108120124/HunyuanVideo-1.5-zp/automation/tasks/failed
131K	/inspire/hdd/global_user/zhengpeng-240108120124/HunyuanVideo-1.5-zp/automation/tasks/done/20260820T115346Z-ab07355e74a3
131K	/inspire/hdd/global_user/zhengpeng-240108120124/HunyuanVideo-1.5-zp/automation/tasks/done/20260820T114204Z-ab07355e74a3
131K	/inspire/hdd/global_user/zhengpeng-240108120124/HunyuanVideo-1.5-zp/.git/logs/refs
130K	/inspire/hdd/global_user/zhengpeng-240108120124/HunyuanVideo-1.5-zp/hyvideo/commons
130K	/inspire/hdd/global_user/zhengpeng-240108120124/HunyuanVideo-1.5-zp/automation/tasks/running/20260820T115344Z-7539ee46293d
130K	/inspire/hdd/global_user/zhengpeng-240108120124/HunyuanVideo-1.5-zp/automation/tasks/failed/20260820T114202Z-7539ee46293d
130K	/inspire/hdd/global_user/zhengpeng-240108120124/HunyuanVideo-1.5-zp/automation/tasks/done/20260820T114202Z-7539ee46293d
130K	/inspire/hdd/global_user/zhengpeng-240108120124/HunyuanVideo-1.5-zp/automation/tasks/done/20260820T113048Z-f30d25fa74db
130K	/inspire/hdd/global_user/zhengpeng-240108120124/HunyuanVideo-1.5-zp/automation/tasks/done/20260820T102132Z-f30d25fa74db
130K	/inspire/hdd/global_user/zhengpeng-240108120124/HunyuanVideo-1.5-zp/.github
129K	/inspire/hdd/global_user/zhengpeng-240108120124/HunyuanVideo-1.5-zp/hyvideo/schedulers
129K	/inspire/hdd/global_user/zhengpeng-240108120124/HunyuanVideo-1.5-zp/hyvideo/optim
129K	/inspire/hdd/global_user/zhengpeng-240108120124/HunyuanVideo-1.5-zp/hyvideo/models/vision_encoder
129K	/inspire/hdd/global_user/zhengpeng-240108120124/HunyuanVideo-1.5-zp/hyvideo/models/text_encoders/byT5
129K	/inspire/hdd/global_user/zhengpeng-240108120124/HunyuanVideo-1.5-zp/hyvideo/models/autoencoders
129K	/inspire/hdd/global_user/zhengpeng-240108120124/HunyuanVideo-1.5-zp/automation/__pycache__
129K	/inspire/hdd/global_user/zhengpeng-240108120124/HunyuanVideo-1.5-zp/ComfyUI
129K	/inspire/hdd/global_user/zhengpeng-240108120124/HunyuanVideo-1.5-zp/.github/skills/remote-gpu-workflow
129K	/inspire/hdd/global_user/zhengpeng-240108120124/HunyuanVideo-1.5-zp/.github/skills
129K	/inspire/hdd/global_user/zhengpeng-240108120124/HunyuanVideo-1.5-zp/.git/objects/f5
129K	/inspire/hdd/global_user/zhengpeng-240108120124/HunyuanVideo-1.5-zp/.git/objects/38
129K	/inspire/hdd/global_user/zhengpeng-240108120124/HunyuanVideo-1.5-zp/.git/logs/refs/heads
128K	/inspire/hdd/global_user/zhengpeng-240108120124/HunyuanVideo-1.5-zp/train.py
128K	/inspire/hdd/global_user/zhengpeng-240108120124/HunyuanVideo-1.5-zp/hyvideo/utils/rewrite/t2v_prompt.py
128K	/inspire/hdd/global_user/zhengpeng-240108120124/HunyuanVideo-1.5-zp/hyvideo/utils/rewrite/i2v_prompt.py
128K	/inspire/hdd/global_user/zhengpeng-240108120124/HunyuanVideo-1.5-zp/hyvideo/utils/rewrite/clients.py
128K	/inspire/hdd/global_user/zhengpeng-240108120124/HunyuanVideo-1.5-zp/hyvideo/utils/communications.py
128K	/inspire/hdd/global_user/zhengpeng-240108120124/HunyuanVideo-1.5-zp/hyvideo/schedulers/scheduling_flow_match_discrete.py
128K	/inspire/hdd/global_user/zhengpeng-240108120124/HunyuanVideo-1.5-zp/hyvideo/pipelines/pipeline_utils.py
=== shared filesystem top-level usage ===
512	/inspire/hdd/global_user/zhengpeng-240108120124/global_project
1.0K	/inspire/hdd/global_user/zhengpeng-240108120124/.sii
1.5K	/inspire/hdd/global_user/zhengpeng-240108120124/inspire_shared
940K	/inspire/hdd/global_user/zhengpeng-240108120124/remote-gpu-queue
2.6M	/inspire/hdd/global_user/zhengpeng-240108120124/guided-diffusion
4.7M	/inspire/hdd/global_user/zhengpeng-240108120124/HunyuanVideo-1.5
13M	/inspire/hdd/global_user/zhengpeng-240108120124/PuLID
24M	/inspire/hdd/global_user/zhengpeng-240108120124/HunyuanVideo-1.5-zp
26M	/inspire/hdd/global_user/zhengpeng-240108120124/LatentSync
34M	/inspire/hdd/global_user/zhengpeng-240108120124/hallo3
97M	/inspire/hdd/global_user/zhengpeng-240108120124/custom-diffusion
160M	/inspire/hdd/global_user/zhengpeng-240108120124/fractalgen-zp
162M	/inspire/hdd/global_user/zhengpeng-240108120124/fractalgen
518M	/inspire/hdd/global_user/zhengpeng-240108120124/.migration
537M	/inspire/hdd/global_user/zhengpeng-240108120124/USO
4.2G	/inspire/hdd/global_user/zhengpeng-240108120124/DreamO
4.3G	/inspire/hdd/global_user/zhengpeng-240108120124/x-flux
5.3G	/inspire/hdd/global_user/zhengpeng-240108120124/xAR
6.2G	/inspire/hdd/global_user/zhengpeng-240108120124/WithAnyone
12G	/inspire/hdd/global_user/zhengpeng-240108120124/1d-tokenizer
37G	/inspire/hdd/global_user/zhengpeng-240108120124/xAR-zp
69G	/inspire/hdd/global_user/zhengpeng-240108120124/cache
122G	/inspire/hdd/global_user/zhengpeng-240108120124/mar-hb3
162G	/inspire/hdd/global_user/zhengpeng-240108120124/UNO
196G	/inspire/hdd/global_user/zhengpeng-240108120124/Infinity
220G	/inspire/hdd/global_user/zhengpeng-240108120124/sd-scripts
244G	/inspire/hdd/global_user/zhengpeng-240108120124/XVerse
323G	/inspire/hdd/global_user/zhengpeng-240108120124/mar-vavae
363G	/inspire/hdd/global_user/zhengpeng-240108120124/UMO
3.0T	/inspire/hdd/global_user/zhengpeng-240108120124/uno_zp
4.7T	/inspire/hdd/global_user/zhengpeng-240108120124
