=== timestamp ===
2026-08-20T11:53:48+00:00
=== filesystem ===
Filesystem      Size  Used Avail Use% Mounted on
gpfs_hdd        4.8T  4.7T  108G  98% /inspire/hdd/global_user/zhengpeng-240108120124
=== project top-level usage ===
1.0K	/inspire/hdd/global_user/zhengpeng-240108120124/HunyuanVideo-1.5-zp/.sii
1.5K	/inspire/hdd/global_user/zhengpeng-240108120124/HunyuanVideo-1.5-zp/.github
129K	/inspire/hdd/global_user/zhengpeng-240108120124/HunyuanVideo-1.5-zp/ComfyUI
134K	/inspire/hdd/global_user/zhengpeng-240108120124/HunyuanVideo-1.5-zp/assets
536K	/inspire/hdd/global_user/zhengpeng-240108120124/HunyuanVideo-1.5-zp/automation
924K	/inspire/hdd/global_user/zhengpeng-240108120124/HunyuanVideo-1.5-zp/.git
2.8M	/inspire/hdd/global_user/zhengpeng-240108120124/HunyuanVideo-1.5-zp/hyvideo
5.3M	/inspire/hdd/global_user/zhengpeng-240108120124/HunyuanVideo-1.5-zp
=== largest files under project (top 50) ===
0.00 GiB	/inspire/hdd/global_user/zhengpeng-240108120124/HunyuanVideo-1.5-zp/.git/objects/pack/pack-61385fb18cd996b0f7d14c40acef0ff46d10d3de.pack
0.00 GiB	/inspire/hdd/global_user/zhengpeng-240108120124/HunyuanVideo-1.5-zp/hyvideo/pipelines/hunyuan_video_pipeline.py
0.00 GiB	/inspire/hdd/global_user/zhengpeng-240108120124/HunyuanVideo-1.5-zp/README.md
0.00 GiB	/inspire/hdd/global_user/zhengpeng-240108120124/HunyuanVideo-1.5-zp/README_CN.md
0.00 GiB	/inspire/hdd/global_user/zhengpeng-240108120124/HunyuanVideo-1.5-zp/train.py
0.00 GiB	/inspire/hdd/global_user/zhengpeng-240108120124/HunyuanVideo-1.5-zp/assets/HunyuanVideo_1_5_Prompt_Handbook_EN.md
0.00 GiB	/inspire/hdd/global_user/zhengpeng-240108120124/HunyuanVideo-1.5-zp/hyvideo/models/transformers/hunyuanvideo_1_5_transformer.py
0.00 GiB	/inspire/hdd/global_user/zhengpeng-240108120124/HunyuanVideo-1.5-zp/hyvideo/models/autoencoders/hunyuanvideo_15_vae.py
0.00 GiB	/inspire/hdd/global_user/zhengpeng-240108120124/HunyuanVideo-1.5-zp/hyvideo/models/transformers/modules/ssta_attention.py
0.00 GiB	/inspire/hdd/global_user/zhengpeng-240108120124/HunyuanVideo-1.5-zp/NOTICE
0.00 GiB	/inspire/hdd/global_user/zhengpeng-240108120124/HunyuanVideo-1.5-zp/hyvideo/utils/rewrite/t2v_prompt.py
0.00 GiB	/inspire/hdd/global_user/zhengpeng-240108120124/HunyuanVideo-1.5-zp/hyvideo/models/text_encoders/__init__.py
0.00 GiB	/inspire/hdd/global_user/zhengpeng-240108120124/HunyuanVideo-1.5-zp/.git/objects/pack/pack-61385fb18cd996b0f7d14c40acef0ff46d10d3de.idx
0.00 GiB	/inspire/hdd/global_user/zhengpeng-240108120124/HunyuanVideo-1.5-zp/hyvideo/pipelines/hunyuan_video_sr_pipeline.py
0.00 GiB	/inspire/hdd/global_user/zhengpeng-240108120124/HunyuanVideo-1.5-zp/generate.py
0.00 GiB	/inspire/hdd/global_user/zhengpeng-240108120124/HunyuanVideo-1.5-zp/LICENSE
0.00 GiB	/inspire/hdd/global_user/zhengpeng-240108120124/HunyuanVideo-1.5-zp/hyvideo/models/transformers/modules/posemb_layers.py
0.00 GiB	/inspire/hdd/global_user/zhengpeng-240108120124/HunyuanVideo-1.5-zp/hyvideo/models/transformers/modules/attention.py
0.00 GiB	/inspire/hdd/global_user/zhengpeng-240108120124/HunyuanVideo-1.5-zp/hyvideo/schedulers/scheduling_flow_match_discrete.py
0.00 GiB	/inspire/hdd/global_user/zhengpeng-240108120124/HunyuanVideo-1.5-zp/.git/index
0.00 GiB	/inspire/hdd/global_user/zhengpeng-240108120124/HunyuanVideo-1.5-zp/hyvideo/utils/rewrite/i2v_prompt.py
0.00 GiB	/inspire/hdd/global_user/zhengpeng-240108120124/HunyuanVideo-1.5-zp/hyvideo/utils/communications.py
0.00 GiB	/inspire/hdd/global_user/zhengpeng-240108120124/HunyuanVideo-1.5-zp/hyvideo/models/transformers/modules/token_refiner.py
0.00 GiB	/inspire/hdd/global_user/zhengpeng-240108120124/HunyuanVideo-1.5-zp/hyvideo/utils/rewrite/clients.py
0.00 GiB	/inspire/hdd/global_user/zhengpeng-240108120124/HunyuanVideo-1.5-zp/hyvideo/models/vision_encoder/__init__.py
0.00 GiB	/inspire/hdd/global_user/zhengpeng-240108120124/HunyuanVideo-1.5-zp/hyvideo/optim/muon.py
0.00 GiB	/inspire/hdd/global_user/zhengpeng-240108120124/HunyuanVideo-1.5-zp/hyvideo/models/text_encoders/byT5/__init__.py
0.00 GiB	/inspire/hdd/global_user/zhengpeng-240108120124/HunyuanVideo-1.5-zp/hyvideo/commons/__init__.py
0.00 GiB	/inspire/hdd/global_user/zhengpeng-240108120124/HunyuanVideo-1.5-zp/hyvideo/models/transformers/modules/embed_layers.py
0.00 GiB	/inspire/hdd/global_user/zhengpeng-240108120124/HunyuanVideo-1.5-zp/automation/online_bridge.py
0.00 GiB	/inspire/hdd/global_user/zhengpeng-240108120124/HunyuanVideo-1.5-zp/hyvideo/models/transformers/modules/upsample.py
0.00 GiB	/inspire/hdd/global_user/zhengpeng-240108120124/HunyuanVideo-1.5-zp/hyvideo/models/transformers/modules/mlp_layers.py
0.00 GiB	/inspire/hdd/global_user/zhengpeng-240108120124/HunyuanVideo-1.5-zp/automation/__pycache__/status.cpython-312.pyc
0.00 GiB	/inspire/hdd/global_user/zhengpeng-240108120124/HunyuanVideo-1.5-zp/.github/skills/remote-gpu-workflow/SKILL.md
0.00 GiB	/inspire/hdd/global_user/zhengpeng-240108120124/HunyuanVideo-1.5-zp/hyvideo/pipelines/pipeline_utils.py
0.00 GiB	/inspire/hdd/global_user/zhengpeng-240108120124/HunyuanVideo-1.5-zp/.git/hooks/pre-rebase.sample
0.00 GiB	/inspire/hdd/global_user/zhengpeng-240108120124/HunyuanVideo-1.5-zp/.git/hooks/fsmonitor-watchman.sample
0.00 GiB	/inspire/hdd/global_user/zhengpeng-240108120124/HunyuanVideo-1.5-zp/automation/offline_worker.py
0.00 GiB	/inspire/hdd/global_user/zhengpeng-240108120124/HunyuanVideo-1.5-zp/automation/README.md
0.00 GiB	/inspire/hdd/global_user/zhengpeng-240108120124/HunyuanVideo-1.5-zp/ComfyUI/README.md
0.00 GiB	/inspire/hdd/global_user/zhengpeng-240108120124/HunyuanVideo-1.5-zp/automation/tasks/done/20260820T113048Z-f30d25fa74db/stdout.log
0.00 GiB	/inspire/hdd/global_user/zhengpeng-240108120124/HunyuanVideo-1.5-zp/automation/tasks/done/20260820T102132Z-f30d25fa74db/stdout.log
0.00 GiB	/inspire/hdd/global_user/zhengpeng-240108120124/HunyuanVideo-1.5-zp/hyvideo/utils/flash_attn_no_pad.py
0.00 GiB	/inspire/hdd/global_user/zhengpeng-240108120124/HunyuanVideo-1.5-zp/.git/hooks/update.sample
0.00 GiB	/inspire/hdd/global_user/zhengpeng-240108120124/HunyuanVideo-1.5-zp/hyvideo/commons/infer_state.py
0.00 GiB	/inspire/hdd/global_user/zhengpeng-240108120124/HunyuanVideo-1.5-zp/hyvideo/utils/rewrite/rewrite_utils.py
0.00 GiB	/inspire/hdd/global_user/zhengpeng-240108120124/HunyuanVideo-1.5-zp/automation/__pycache__/task_executor.cpython-312.pyc
0.00 GiB	/inspire/hdd/global_user/zhengpeng-240108120124/HunyuanVideo-1.5-zp/hyvideo/commons/parallel_states.py
0.00 GiB	/inspire/hdd/global_user/zhengpeng-240108120124/HunyuanVideo-1.5-zp/hyvideo/models/transformers/modules/norm_layers.py
0.00 GiB	/inspire/hdd/global_user/zhengpeng-240108120124/HunyuanVideo-1.5-zp/checkpoints-download.md
=== shared filesystem top-level usage ===
